2026-04-21 19:33:15.425 | INFO     | __main__:main:52 - Checking database connectivity...
2026-04-21 19:33:18.130 | ERROR    | db:health_check:98 - DB health check failed: (psycopg2.OperationalError) could not translate host name "db" to address: Name or service not known

(Background on this error at: https://sqlalche.me/e/20/e3q8)
2026-04-21 19:33:18.131 | CRITICAL | __main__:main:54 - Cannot connect to database. Exiting.
2026-04-21 19:34:25.801 | INFO     | __main__:main:52 - Checking database connectivity...
2026-04-21 19:34:25.901 | SUCCESS  | __main__:main:56 - Database is reachable.
2026-04-21 19:34:25.901 | INFO     | __main__:main:72 - Tickers : ['VCB', 'TCB', 'BID', 'HPG', 'VNM', 'FPT', 'VHM', 'MSN', 'GAS', 'SSI']
2026-04-21 19:34:25.902 | INFO     | __main__:main:73 - Period  : 2026-03-22 → 2026-04-21
2026-04-21 19:34:25.927 | DEBUG    | db:ensure_tickers_exist:116 - Ensured 10 tickers exist in stock_info
2026-04-21 19:34:25.927 | INFO     | fetcher:fetch_ohlcv:56 - Fetching VCB [2026-03-22 → 2026-04-21]
2026-04-21 19:34:28.135 | SUCCESS  | fetcher:fetch_ohlcv:89 - VCB: 22 rows fetched
2026-04-21 19:34:29.137 | INFO     | fetcher:fetch_ohlcv:56 - Fetching TCB [2026-03-22 → 2026-04-21]
2026-04-21 19:34:29.310 | SUCCESS  | fetcher:fetch_ohlcv:89 - TCB: 22 rows fetched
2026-04-21 19:34:30.311 | INFO     | fetcher:fetch_ohlcv:56 - Fetching BID [2026-03-22 → 2026-04-21]
2026-04-21 19:34:30.485 | SUCCESS  | fetcher:fetch_ohlcv:89 - BID: 22 rows fetched
2026-04-21 19:34:31.486 | INFO     | fetcher:fetch_ohlcv:56 - Fetching HPG [2026-03-22 → 2026-04-21]
2026-04-21 19:34:31.812 | SUCCESS  | fetcher:fetch_ohlcv:89 - HPG: 22 rows fetched
2026-04-21 19:34:32.813 | INFO     | fetcher:fetch_ohlcv:56 - Fetching VNM [2026-03-22 → 2026-04-21]
2026-04-21 19:34:32.964 | SUCCESS  | fetcher:fetch_ohlcv:89 - VNM: 22 rows fetched
2026-04-21 19:34:33.966 | INFO     | fetcher:fetch_ohlcv:56 - Fetching FPT [2026-03-22 → 2026-04-21]
2026-04-21 19:34:34.152 | SUCCESS  | fetcher:fetch_ohlcv:89 - FPT: 22 rows fetched
2026-04-21 19:34:35.154 | INFO     | fetcher:fetch_ohlcv:56 - Fetching VHM [2026-03-22 → 2026-04-21]
2026-04-21 19:34:35.338 | SUCCESS  | fetcher:fetch_ohlcv:89 - VHM: 22 rows fetched
2026-04-21 19:34:36.340 | INFO     | fetcher:fetch_ohlcv:56 - Fetching MSN [2026-03-22 → 2026-04-21]
2026-04-21 19:34:36.522 | SUCCESS  | fetcher:fetch_ohlcv:89 - MSN: 22 rows fetched
2026-04-21 19:34:37.523 | INFO     | fetcher:fetch_ohlcv:56 - Fetching GAS [2026-03-22 → 2026-04-21]
2026-04-21 19:34:37.673 | SUCCESS  | fetcher:fetch_ohlcv:89 - GAS: 22 rows fetched
2026-04-21 19:34:38.674 | INFO     | fetcher:fetch_ohlcv:56 - Fetching SSI [2026-03-22 → 2026-04-21]
2026-04-21 19:34:38.853 | SUCCESS  | fetcher:fetch_ohlcv:89 - SSI: 22 rows fetched
2026-04-21 19:34:39.858 | INFO     | fetcher:fetch_multiple:173 - Total rows fetched: 220 across 10 tickers
2026-04-21 19:34:40.210 | INFO     | db:upsert_prices:66 - stock_prices: 220 inserted, 0 duplicates skipped
2026-04-21 19:34:40.249 | SUCCESS  | __main__:main:92 - Ingestion done. stock_prices: 220 rows | market_summary: 10 rows
